[privacydosvazados.site/index.html]
[backblue.gif]
[fade.gif]
[index.html]
[privacydosvazados.site/js/fbevents.js]
[privacydosvazados.site/css/index.css]
[privacydosvazados.site/css/popup.css]
[privacydosvazados.site/css/all.min.css]
[www.googletagmanager.com/gtag/js7398]
[connect.facebook.net/en_US/fbevents.js]
[cdn.utmify.com.br/scripts/utms/latest.js]
[privacydosvazados.site/fonts/normal_1.woff2]
[www.pay-pagamentos.link/checkout/e9e0f98b-8978-4394-982b-0ffe3b3a6040.html]
[privacydosvazados.site/fonts/normal.woff2]
[privacydosvazados.site/fonts/normal_2.woff2]
[privacydosvazados.site/fonts/normal_3.woff2]
[privacydosvazados.site/fonts/normal_4.woff2]
[privacydosvazados.site/images/Untitled image (25).png]
[privacydosvazados.site/images/privacy-logo.svg]
[privacydosvazados.site/images/nicolepraia.jpg]
[privacydosvazados.site/images/540797a2f501dafa106499a8ef3208ed.jpg]
[privacydosvazados.site/images/capa.png]
[privacydosvazados.site/images/perfil.png]
[www.pay-pagamentos.link/checkout/83e3f648-c13e-43fa-8f3a-478b830a5a9a.html]
[www.pay-pagamentos.link/checkout/3c653367-67ef-4dac-bb5a-2765b8751715.html]
[www.pay-pagamentos.link/checkout/c99205c3-f047-4617-be37-ce73b3c4a27c.html]
[www.pay-pagamentos.link/checkout/aefd5b9b-b3e6-4804-8c03-86848eea55cf.html]
[privacydosvazados.site/images/perfildebaixo.jpg]
[privacydosvazados.site/media/imagem2.pngline=]
[privacydosvazados.site/images/imagem2.png]
[privacydosvazados.site/media/videomelmaia03.mp4]
[privacydosvazados.site/images/imagem1.png]
[privacydosvazados.site/js/main.js]
[privacydosvazados.site/js/button.js]
[privacydosvazados.site/js/popup.js]
[privacydosvazados.site/a.href]
[privacydosvazados.site/index.html]
[privacydosvazados.site/a.23.delayed]
[privacydosvazados.site/signals/plugins/index.html]
[privacydosvazados.site/POST.html]
[privacydosvazados.site/schema.org/index.html]
[privacydosvazados.site/b.html]
[privacydosvazados.site/d.html]
[privacydosvazados.site/signals/iwl.html]
[privacydosvazados.site/signals/iwl0fc50fc5.html]
[privacydosvazados.site/c.html]
[privacydosvazados.site/c-2.html]
[privacydosvazados.site/js/fbevents.js]
[privacydosvazados.site/css/index.css]
[privacydosvazados.site/css/popup.css]
[privacydosvazados.site/fonts/fa-brands-400.woff2]
[privacydosvazados.site/fonts/fa-brands-400.ttf]
[privacydosvazados.site/fonts/fa-regular-400.woff2]
[privacydosvazados.site/fonts/fa-regular-400.ttf]
[privacydosvazados.site/fonts/fa-solid-900.woff2]
[privacydosvazados.site/fonts/fa-solid-900.ttf]
[privacydosvazados.site/fonts/fa-v4compatibility.woff2]
[privacydosvazados.site/fonts/fa-v4compatibility.ttf]
[privacydosvazados.site/css/all.min.css]
[privacydosvazados.site/t]
[privacydosvazados.site/signals/config/index-2.html]
[privacydosvazados.site/e]
[privacydosvazados.site/t.resolvedLink]
[privacydosvazados.site/o]
[privacydosvazados.site/signals/iwl.js]
[privacydosvazados.site/signals/plugins/index-2.html]
[privacydosvazados.site/signals/iwl0fc5.js]
[privacydosvazados.site/r.dl]
[privacydosvazados.site/r.rl]
[connect.facebook.net/en_US/fbevents.js]
[privacydosvazados.site/schema.org/index-2.html]
[www.facebook.com/tr2dbc]
[www.pay-pagamentos.link/_next/static/css/a6bdb453bec820d5bb31.css]
[www.pay-pagamentos.link/_next/static/chunks/webpack-f9cb99d5bc5e0bcbbb31.js]
[www.pay-pagamentos.link/_next/static/chunks/4bd1b696-f85bb8efa60e5869bb31.js]
[www.pay-pagamentos.link/_next/static/chunks/684-3ceed80985a1e5afbb31.js]
[www.pay-pagamentos.link/_next/static/chunks/main-app-d9794b1200c643e4bb31.js]
[www.pay-pagamentos.link/_next/static/chunks/app/layout-910cf576ed8b0f72bb31.js]
[www.pay-pagamentos.link/_next/static/chunks/992-592f742d9b482dc6bb31.js]
[www.pay-pagamentos.link/_next/static/chunks/app/(application)/checkout/not-found-721fc7287a807934bb31.js]
[www.pay-pagamentos.link/_next/static/chunks/polyfills-42372ed130431b0abb31.js]
[www.pay-pagamentos.link/checkout/static/chunks/992-592f742d9b482dc6.46bb31.delayed]
[www.pay-pagamentos.link/checkout/e9e0f98b-8978-4394-982b-0ffe3b3a6040.html]
[privacydosvazados.site/images/privacy-logo.svg]
[privacydosvazados.site/images/perfil.html]
[www.pay-pagamentos.link/checkout/83e3f648-c13e-43fa-8f3a-478b830a5a9a.html]
[www.pay-pagamentos.link/checkout/3c653367-67ef-4dac-bb5a-2765b8751715.html]
[www.pay-pagamentos.link/checkout/c99205c3-f047-4617-be37-ce73b3c4a27c.html]
[www.pay-pagamentos.link/checkout/aefd5b9b-b3e6-4804-8c03-86848eea55cf.html]
[privacydosvazados.site/media/imagem2.html]
[privacydosvazados.site/js/main.js]
[privacydosvazados.site/js/button.js]
[privacydosvazados.site/js/popup.js]
[privacydosvazados.site/a.html]
[privacydosvazados.site/a-2.html]
[privacydosvazados.site/signals/plugins/index.html]
[privacydosvazados.site/POST.html]
[privacydosvazados.site/schema.org/index.html]
[privacydosvazados.site/b.html]
[privacydosvazados.site/d.html]
[privacydosvazados.site/signals/iwl.html]
[privacydosvazados.site/signals/iwl0fc50fc5.html]
[privacydosvazados.site/c.html]
[privacydosvazados.site/c-2.html]
[privacydosvazados.site/signals/config/index-2.html]
[privacydosvazados.site/t.html]
[privacydosvazados.site/e.html]
[privacydosvazados.site/signals/plugins/index-2.html]
[privacydosvazados.site/schema.org/index-2.html]
[privacydosvazados.site/t-2.html]
[privacydosvazados.site/o.html]
[privacydosvazados.site/signals/iwl-2.html]
[privacydosvazados.site/signals/iwl0fc5.html]
[privacydosvazados.site/r.html]
[privacydosvazados.site/r-2.html]
[www.pay-pagamentos.link/_next/static/css/a6bdb453bec820d5bb31.css]
[www.pay-pagamentos.link/checkout/static/chunks/404bb31]
[privacydosvazados.site/js/rocket-loader.min.js]
[privacydosvazados.site/signals/config/index.html]
[privacydosvazados.site/js/rocket-loader.min.js]
[privacydosvazados.site/signals/config/index.html]
[privacybrasiloficial.site/kamylinha/index.html]
